2023-03-07 21:24:11,961 TADA INFO starting test `ldmsd_stream_test`
2023-03-07 21:24:11,961 TADA INFO   test-id: 33d8b4d7a2c19959ac788c5f9ffc5dd1a2ba5392b4e92c88ba224e08cec36bea
2023-03-07 21:24:11,961 TADA INFO   test-suite: LDMSD
2023-03-07 21:24:11,961 TADA INFO   test-name: ldmsd_stream_test
2023-03-07 21:24:11,961 TADA INFO   test-user: narate
2023-03-07 21:24:11,961 TADA INFO   commit-id: 661e35a010a7de2ebce0e7918406804bd1fbd726
2023-03-07 21:24:23,130 __main__ INFO waiting for libraries to be available across all containers...
2023-03-07 21:24:24,030 __main__ INFO _lib_avail: True
2023-03-07 21:25:31,301 __main__ INFO test ldmsd_stream_subscribe with large json streams
2023-03-07 21:25:37,426 __main__ INFO --- Sending stream to ldmsd_stream_subscriber
2023-03-07 21:25:50,652 __main__ INFO --- Verifying the received streams
2023-03-07 21:25:52,268 TADA INFO assertion 1, ldmsd_stream_subscribe receives large json streams: Verify all streams were received correctly, passed
2023-03-07 21:25:52,493 __main__ INFO test LDMSD with large json streams
2023-03-07 21:25:58,575 __main__ INFO --- Sending stream to samplerd
2023-03-07 21:26:17,283 __main__ INFO --- Verifying the streams received by samplerd
2023-03-07 21:26:17,471 TADA INFO assertion 2, samplerd receives large json streams: Traceback (most recent call last):
  File "/tada-src/python/stream_check.py", line 46, in <module>
    fo = open(fout)
FileNotFoundError: [Errno 2] No such file or directory: '/data/samplerd-large-json.out'
, failed
Traceback (most recent call last):
  File "ldmsd_stream_test", line 433, in ldmsd_case
    result = test_stream_sampler_check(samplerd_cont, cont_fin, cont_samplerd_fout, SAMPLE_SIZES[data_sz])
  File "ldmsd_stream_test", line 273, in test_stream_sampler_check
    raise LDMSDStreamTestFail(out)
__main__.LDMSDStreamTestFail: Traceback (most recent call last):
  File "/tada-src/python/stream_check.py", line 46, in <module>
    fo = open(fout)
FileNotFoundError: [Errno 2] No such file or directory: '/data/samplerd-large-json.out'


During handling of the above exception, another exception occurred:

Traceback (most recent call last):
  File "ldmsd_stream_test", line 482, in <module>
    ldmsd_case(pub_cont, samplerd_cont, agg_cont, t, sz)
  File "ldmsd_stream_test", line 435, in ldmsd_case
    test.assert_test(ASSERTIONS[_assert_name], False, "{}".format(e))
  File "/home/narate/cron/ldms-test/TADA.py", line 157, in assert_test
    raise AssertionException(self.test_desc + ", " + cond_str + ": FAILED")
TADA.AssertionException: ldmsd_stream ..., Traceback (most recent call last):
  File "/tada-src/python/stream_check.py", line 46, in <module>
    fo = open(fout)
FileNotFoundError: [Errno 2] No such file or directory: '/data/samplerd-large-json.out'
: FAILED
2023-03-07 21:26:17,473 TADA INFO assertion 3, agg receives large json streams: skipped
2023-03-07 21:26:17,473 TADA INFO assertion 4, ldmsd_stream_subscribe receives small json streams: skipped
2023-03-07 21:26:17,473 TADA INFO assertion 5, samplerd receives small json streams: skipped
2023-03-07 21:26:17,473 TADA INFO assertion 6, agg receives small json streams: skipped
2023-03-07 21:26:17,473 TADA INFO assertion 7, ldmsd_stream_subscribe receives large string streams: skipped
2023-03-07 21:26:17,473 TADA INFO assertion 8, samplerd receives large string streams: skipped
2023-03-07 21:26:17,474 TADA INFO assertion 9, agg receives large string streams: skipped
2023-03-07 21:26:17,474 TADA INFO assertion 10, ldmsd_stream_subscribe receives small string streams: skipped
2023-03-07 21:26:17,474 TADA INFO assertion 11, samplerd receives small string streams: skipped
2023-03-07 21:26:17,474 TADA INFO assertion 12, agg receives small string streams: skipped
2023-03-07 21:26:17,474 TADA INFO test ldmsd_stream_test ended
