2023-07-05 01:06:29,255 TADA INFO starting test `ldmsd_decomp_test`
2023-07-05 01:06:29,255 TADA INFO   test-id: bc720f38ac3271940c933c4f514d665ad42e52859c7273e401b6ab65c1c22575
2023-07-05 01:06:29,255 TADA INFO   test-suite: LDMSD
2023-07-05 01:06:29,255 TADA INFO   test-name: ldmsd_decomp_test
2023-07-05 01:06:29,255 TADA INFO   test-user: narate
2023-07-05 01:06:29,255 TADA INFO   commit-id: 636a1c6eed94acbb98f830d7507cbfe1ed9a92a0
2023-07-05 01:06:29,256 __main__ INFO -- Get or create the cluster --
Traceback (most recent call last):
  File "/usr/lib/python3.6/site-packages/docker/api/client.py", line 261, in _raise_for_status
    response.raise_for_status()
  File "/usr/lib/python3.6/site-packages/requests/models.py", line 941, in raise_for_status
    raise HTTPError(http_error_msg, response=self)
requests.exceptions.HTTPError: 404 Client Error: Not Found for url: http+docker://localhost/v1.35/networks/narate-ldmsd_decomp_test-636a1c6

During handling of the above exception, another exception occurred:

Traceback (most recent call last):
  File "/home/narate/cron/ldms-test/runtime/docker.py", line 685, in _get
    net = dc.networks.get(name)
  File "/usr/lib/python3.6/site-packages/docker/models/networks.py", line 180, in get
    self.client.api.inspect_network(network_id, *args, **kwargs)
  File "/usr/lib/python3.6/site-packages/docker/utils/decorators.py", line 19, in wrapped
    return f(self, resource_id, *args, **kwargs)
  File "/usr/lib/python3.6/site-packages/docker/api/network.py", line 213, in inspect_network
    return self._result(res, json=True)
  File "/usr/lib/python3.6/site-packages/docker/api/client.py", line 267, in _result
    self._raise_for_status(response)
  File "/usr/lib/python3.6/site-packages/docker/api/client.py", line 263, in _raise_for_status
    raise create_api_error_from_http_exception(e)
  File "/usr/lib/python3.6/site-packages/docker/errors.py", line 31, in create_api_error_from_http_exception
    raise cls(e, response=response, explanation=explanation)
docker.errors.NotFound: 404 Client Error: Not Found ("network narate-ldmsd_decomp_test-636a1c6 not found")

During handling of the above exception, another exception occurred:

Traceback (most recent call last):
  File "/home/narate/cron/ldms-test/LDMS_Test.py", line 1619, in get
    cluster = _cls._get(name)
  File "/home/narate/cron/ldms-test/runtime/docker.py", line 688, in _get
    raise LookupError()
LookupError

During handling of the above exception, another exception occurred:

Traceback (most recent call last):
  File "/usr/lib/python3.6/site-packages/docker/api/client.py", line 261, in _raise_for_status
    response.raise_for_status()
  File "/usr/lib/python3.6/site-packages/requests/models.py", line 941, in raise_for_status
    raise HTTPError(http_error_msg, response=self)
requests.exceptions.HTTPError: 404 Client Error: Not Found for url: http+docker://localhost/v1.35/containers/1762046b56b2ae848626bdc96cf6ea8b50186389e9390995d4a1827c28413fea/json

During handling of the above exception, another exception occurred:

Traceback (most recent call last):
  File "ldmsd_decomp_test", line 365, in <module>
    cluster = LDMSDCluster.get(spec["name"], create = True, spec = spec)
  File "/home/narate/cron/ldms-test/LDMS_Test.py", line 1626, in get
    return _cls.create(spec)
  File "/home/narate/cron/ldms-test/LDMS_Test.py", line 1597, in create
    cluster = _cls._create(spec)
  File "/home/narate/cron/ldms-test/runtime/docker.py", line 419, in _create
    return cls.__create(spec=sp, **kwargs)
  File "/home/narate/cron/ldms-test/runtime/docker.py", line 599, in __create
    cluster.update_etc_hosts(node_aliases = node_aliases)
  File "/home/narate/cron/ldms-test/LDMS_Test.py", line 1705, in update_etc_hosts
    cont.write_file("/etc/hosts", etc_hosts)
  File "/home/narate/cron/ldms-test/runtime/docker.py", line 204, in write_file
    rc, sock = self._exec_run(cmd, stdin=True, socket=True, user = user)
  File "/home/narate/cron/ldms-test/runtime/docker.py", line 147, in _exec_run
    self.wait_running()
  File "/home/narate/cron/ldms-test/runtime/docker.py", line 137, in wait_running
    self.obj.reload()
  File "/usr/lib/python3.6/site-packages/docker/models/resource.py", line 48, in reload
    new_model = self.collection.get(self.id)
  File "/usr/lib/python3.6/site-packages/docker/models/containers.py", line 880, in get
    resp = self.client.api.inspect_container(container_id)
  File "/usr/lib/python3.6/site-packages/docker/utils/decorators.py", line 19, in wrapped
    return f(self, resource_id, *args, **kwargs)
  File "/usr/lib/python3.6/site-packages/docker/api/container.py", line 758, in inspect_container
    self._get(self._url("/containers/{0}/json", container)), True
  File "/usr/lib/python3.6/site-packages/docker/api/client.py", line 267, in _result
    self._raise_for_status(response)
  File "/usr/lib/python3.6/site-packages/docker/api/client.py", line 263, in _raise_for_status
    raise create_api_error_from_http_exception(e)
  File "/usr/lib/python3.6/site-packages/docker/errors.py", line 31, in create_api_error_from_http_exception
    raise cls(e, response=response, explanation=explanation)
docker.errors.NotFound: 404 Client Error: Not Found ("No such container: 1762046b56b2ae848626bdc96cf6ea8b50186389e9390995d4a1827c28413fea")
2023-07-05 01:06:42,406 TADA INFO assertion 1, `as_is` decomposition, test_sampler_8d2b8bd sos schema check: skipped
2023-07-05 01:06:42,407 TADA INFO assertion 2, `as_is` decomposition, test_sampler_95772b6 sos schema check: skipped
2023-07-05 01:06:42,407 TADA INFO assertion 3, `as_is` decomposition, record_sampler_e1f021f sos schema check: skipped
2023-07-05 01:06:42,407 TADA INFO assertion 4, `static` decomposition, fill sos schema check: skipped
2023-07-05 01:06:42,407 TADA INFO assertion 5, `static` decomposition, filter sos schema check: skipped
2023-07-05 01:06:42,407 TADA INFO assertion 6, `static` decomposition, record sos schema check: skipped
2023-07-05 01:06:42,407 TADA INFO assertion 7, `as_is` decomposition, test_sampler_8d2b8bd csv schema check: skipped
2023-07-05 01:06:42,408 TADA INFO assertion 8, `as_is` decomposition, test_sampler_95772b6 csv schema check: skipped
2023-07-05 01:06:42,408 TADA INFO assertion 9, `as_is` decomposition, record_sampler_e1f021f csv schema check: skipped
2023-07-05 01:06:42,408 TADA INFO assertion 10, `static` decomposition, fill csv schema check: skipped
2023-07-05 01:06:42,408 TADA INFO assertion 11, `static` decomposition, filter csv schema check: skipped
2023-07-05 01:06:42,408 TADA INFO assertion 12, `static` decomposition, record csv schema check: skipped
2023-07-05 01:06:42,408 TADA INFO assertion 13, `as_is` decomposition, test_sampler_8d2b8bd kafka schema check: skipped
2023-07-05 01:06:42,408 TADA INFO assertion 14, `as_is` decomposition, test_sampler_95772b6 kafka schema check: skipped
2023-07-05 01:06:42,409 TADA INFO assertion 15, `as_is` decomposition, record_sampler_e1f021f kafka schema check: skipped
2023-07-05 01:06:42,409 TADA INFO assertion 16, `static` decomposition, fill kafka schema check: skipped
2023-07-05 01:06:42,409 TADA INFO assertion 17, `static` decomposition, filter kafka schema check: skipped
2023-07-05 01:06:42,409 TADA INFO assertion 18, `static` decomposition, record kafka schema check: skipped
2023-07-05 01:06:42,409 TADA INFO assertion 19, `as_is` decomposition, test_sampler_8d2b8bd sos data check: skipped
2023-07-05 01:06:42,409 TADA INFO assertion 20, `as_is` decomposition, test_sampler_95772b6 sos data check: skipped
2023-07-05 01:06:42,409 TADA INFO assertion 21, `as_is` decomposition, record_sampler_e1f021f sos data check: skipped
2023-07-05 01:06:42,410 TADA INFO assertion 22, `static` decomposition, fill sos data check: skipped
2023-07-05 01:06:42,410 TADA INFO assertion 23, `static` decomposition, filter sos data check: skipped
2023-07-05 01:06:42,410 TADA INFO assertion 24, `static` decomposition, record sos data check: skipped
2023-07-05 01:06:42,410 TADA INFO assertion 25, `as_is` decomposition, test_sampler_8d2b8bd csv data check: skipped
2023-07-05 01:06:42,410 TADA INFO assertion 26, `as_is` decomposition, test_sampler_95772b6 csv data check: skipped
2023-07-05 01:06:42,410 TADA INFO assertion 27, `as_is` decomposition, record_sampler_e1f021f csv data check: skipped
2023-07-05 01:06:42,411 TADA INFO assertion 28, `static` decomposition, fill csv data check: skipped
2023-07-05 01:06:42,411 TADA INFO assertion 29, `static` decomposition, filter csv data check: skipped
2023-07-05 01:06:42,411 TADA INFO assertion 30, `static` decomposition, record csv data check: skipped
2023-07-05 01:06:42,411 TADA INFO assertion 31, `as_is` decomposition, test_sampler_8d2b8bd kafka data check: skipped
2023-07-05 01:06:42,411 TADA INFO assertion 32, `as_is` decomposition, test_sampler_95772b6 kafka data check: skipped
2023-07-05 01:06:42,411 TADA INFO assertion 33, `as_is` decomposition, record_sampler_e1f021f kafka data check: skipped
2023-07-05 01:06:42,411 TADA INFO assertion 34, `static` decomposition, fill kafka data check: skipped
2023-07-05 01:06:42,412 TADA INFO assertion 35, `static` decomposition, filter kafka data check: skipped
2023-07-05 01:06:42,412 TADA INFO assertion 36, `static` decomposition, record kafka data check: skipped
2023-07-05 01:06:42,412 TADA INFO test ldmsd_decomp_test ended
