2023-07-05 01:17:28,319 TADA INFO starting test `libovis_log_test`
2023-07-05 01:17:28,319 TADA INFO   test-id: 29140fff125119ad9edbd8a65d7ab7727359a792ef4d2daede02aee9b24a2544
2023-07-05 01:17:28,319 TADA INFO   test-suite: LDMSD
2023-07-05 01:17:28,319 TADA INFO   test-name: libovis_log_test
2023-07-05 01:17:28,319 TADA INFO   test-user: narate
2023-07-05 01:17:28,319 TADA INFO   commit-id: 636a1c6eed94acbb98f830d7507cbfe1ed9a92a0
2023-07-05 01:17:28,320 __main__ INFO -- Create the cluster -- 
2023-07-05 01:17:33,602 __main__ INFO -- Start daemons --
Traceback (most recent call last):
  File "libovis_log_test", line 412, in <module>
    rc, out = ovis_log_init_prog(cont, name = "libovis_log_test", level = OLEVEL_BITS["ERROR"], mode = OVIS_LOG_M_DT)
  File "libovis_log_test", line 408, in ovis_log_init_prog
    raise RuntimeError(f"Failed to run ovis_log_init_prog. {out}")
RuntimeError: Failed to run ovis_log_init_prog. Wed Jul 05 01:17:34 2023:         : libovis_log_test: return_code=0

2023-07-05 01:17:34,975 TADA INFO assertion 1, Call ovis_log_init() with valid arguments: skipped
2023-07-05 01:17:34,975 TADA INFO assertion 2, Call ovis_log_init() with name = NULL: skipped
2023-07-05 01:17:34,976 TADA INFO assertion 3, Call ovis_log_init() with an invalid level: skipped
2023-07-05 01:17:34,976 TADA INFO assertion 4, Call ovis_log_init() with an invalid mode: skipped
2023-07-05 01:17:34,976 TADA INFO assertion 7, Open the log file at a non-existing path: skipped
2023-07-05 01:17:34,976 TADA INFO assertion 6, Log messages to a file: skipped
2023-07-05 01:17:34,976 TADA INFO assertion 5, Log messages to stdout: skipped
2023-07-05 01:17:34,976 TADA INFO assertion 8, Reopen the log file at another path: skipped
2023-07-05 01:17:34,976 TADA INFO assertion 9, Convert 'DEBUG,INFO' integer to a string: skipped
2023-07-05 01:17:34,977 TADA INFO assertion 10, Convert 'DEBUG,WARNING' integer to a string: skipped
2023-07-05 01:17:34,977 TADA INFO assertion 11, Convert 'DEBUG,ERROR' integer to a string: skipped
2023-07-05 01:17:34,977 TADA INFO assertion 12, Convert 'DEBUG,CRITICAL' integer to a string: skipped
2023-07-05 01:17:34,977 TADA INFO assertion 13, Convert 'INFO,WARNING' integer to a string: skipped
2023-07-05 01:17:34,977 TADA INFO assertion 14, Convert 'INFO,ERROR' integer to a string: skipped
2023-07-05 01:17:34,977 TADA INFO assertion 15, Convert 'INFO,CRITICAL' integer to a string: skipped
2023-07-05 01:17:34,977 TADA INFO assertion 16, Convert 'WARNING,ERROR' integer to a string: skipped
2023-07-05 01:17:34,978 TADA INFO assertion 17, Convert 'WARNING,CRITICAL' integer to a string: skipped
2023-07-05 01:17:34,978 TADA INFO assertion 18, Convert 'ERROR,CRITICAL' integer to a string: skipped
2023-07-05 01:17:34,978 TADA INFO assertion 19, Convert 'DEBUG,INFO,WARNING' integer to a string: skipped
2023-07-05 01:17:34,978 TADA INFO assertion 20, Convert 'DEBUG,INFO,ERROR' integer to a string: skipped
2023-07-05 01:17:34,978 TADA INFO assertion 21, Convert 'DEBUG,INFO,CRITICAL' integer to a string: skipped
2023-07-05 01:17:34,978 TADA INFO assertion 22, Convert 'DEBUG,WARNING,ERROR' integer to a string: skipped
2023-07-05 01:17:34,978 TADA INFO assertion 23, Convert 'DEBUG,WARNING,CRITICAL' integer to a string: skipped
2023-07-05 01:17:34,979 TADA INFO assertion 24, Convert 'DEBUG,ERROR,CRITICAL' integer to a string: skipped
2023-07-05 01:17:34,979 TADA INFO assertion 25, Convert 'INFO,WARNING,ERROR' integer to a string: skipped
2023-07-05 01:17:34,979 TADA INFO assertion 26, Convert 'INFO,WARNING,CRITICAL' integer to a string: skipped
2023-07-05 01:17:34,979 TADA INFO assertion 27, Convert 'INFO,ERROR,CRITICAL' integer to a string: skipped
2023-07-05 01:17:34,979 TADA INFO assertion 28, Convert 'WARNING,ERROR,CRITICAL' integer to a string: skipped
2023-07-05 01:17:34,979 TADA INFO assertion 29, Convert 'DEBUG,INFO,WARNING,ERROR' integer to a string: skipped
2023-07-05 01:17:34,979 TADA INFO assertion 30, Convert 'DEBUG,INFO,WARNING,CRITICAL' integer to a string: skipped
2023-07-05 01:17:34,979 TADA INFO assertion 31, Convert 'DEBUG,INFO,ERROR,CRITICAL' integer to a string: skipped
2023-07-05 01:17:34,980 TADA INFO assertion 32, Convert 'DEBUG,WARNING,ERROR,CRITICAL' integer to a string: skipped
2023-07-05 01:17:34,980 TADA INFO assertion 33, Convert 'INFO,WARNING,ERROR,CRITICAL' integer to a string: skipped
2023-07-05 01:17:34,980 TADA INFO assertion 34, Convert 'DEBUG,INFO,WARNING,ERROR,CRITICAL' integer to a string: skipped
2023-07-05 01:17:34,980 TADA INFO assertion 35, Convert 'DEBUG,' integer to a string: skipped
2023-07-05 01:17:34,980 TADA INFO assertion 36, Convert 'INFO,' integer to a string: skipped
2023-07-05 01:17:34,980 TADA INFO assertion 37, Convert 'WARNING,' integer to a string: skipped
2023-07-05 01:17:34,980 TADA INFO assertion 38, Convert 'ERROR,' integer to a string: skipped
2023-07-05 01:17:34,981 TADA INFO assertion 39, Convert 'CRITICAL,' integer to a string: skipped
2023-07-05 01:17:34,981 TADA INFO assertion 40, Convert an invalid integer to a level string: skipped
2023-07-05 01:17:34,981 TADA INFO assertion 41, Convert the 'DEBUG,INFO' to an integer: skipped
2023-07-05 01:17:34,981 TADA INFO assertion 42, Convert the 'DEBUG,WARNING' to an integer: skipped
2023-07-05 01:17:34,981 TADA INFO assertion 43, Convert the 'DEBUG,ERROR' to an integer: skipped
2023-07-05 01:17:34,981 TADA INFO assertion 44, Convert the 'DEBUG,CRITICAL' to an integer: skipped
2023-07-05 01:17:34,981 TADA INFO assertion 45, Convert the 'INFO,WARNING' to an integer: skipped
2023-07-05 01:17:34,982 TADA INFO assertion 46, Convert the 'INFO,ERROR' to an integer: skipped
2023-07-05 01:17:34,982 TADA INFO assertion 47, Convert the 'INFO,CRITICAL' to an integer: skipped
2023-07-05 01:17:34,982 TADA INFO assertion 48, Convert the 'WARNING,ERROR' to an integer: skipped
2023-07-05 01:17:34,982 TADA INFO assertion 49, Convert the 'WARNING,CRITICAL' to an integer: skipped
2023-07-05 01:17:34,982 TADA INFO assertion 50, Convert the 'ERROR,CRITICAL' to an integer: skipped
2023-07-05 01:17:34,982 TADA INFO assertion 51, Convert the 'DEBUG,INFO,WARNING' to an integer: skipped
2023-07-05 01:17:34,982 TADA INFO assertion 52, Convert the 'DEBUG,INFO,ERROR' to an integer: skipped
2023-07-05 01:17:34,982 TADA INFO assertion 53, Convert the 'DEBUG,INFO,CRITICAL' to an integer: skipped
2023-07-05 01:17:34,983 TADA INFO assertion 54, Convert the 'DEBUG,WARNING,ERROR' to an integer: skipped
2023-07-05 01:17:34,983 TADA INFO assertion 55, Convert the 'DEBUG,WARNING,CRITICAL' to an integer: skipped
2023-07-05 01:17:34,983 TADA INFO assertion 56, Convert the 'DEBUG,ERROR,CRITICAL' to an integer: skipped
2023-07-05 01:17:34,983 TADA INFO assertion 57, Convert the 'INFO,WARNING,ERROR' to an integer: skipped
2023-07-05 01:17:34,983 TADA INFO assertion 58, Convert the 'INFO,WARNING,CRITICAL' to an integer: skipped
2023-07-05 01:17:34,983 TADA INFO assertion 59, Convert the 'INFO,ERROR,CRITICAL' to an integer: skipped
2023-07-05 01:17:34,983 TADA INFO assertion 60, Convert the 'WARNING,ERROR,CRITICAL' to an integer: skipped
2023-07-05 01:17:34,984 TADA INFO assertion 61, Convert the 'DEBUG,INFO,WARNING,ERROR' to an integer: skipped
2023-07-05 01:17:34,984 TADA INFO assertion 62, Convert the 'DEBUG,INFO,WARNING,CRITICAL' to an integer: skipped
2023-07-05 01:17:34,984 TADA INFO assertion 63, Convert the 'DEBUG,INFO,ERROR,CRITICAL' to an integer: skipped
2023-07-05 01:17:34,984 TADA INFO assertion 64, Convert the 'DEBUG,WARNING,ERROR,CRITICAL' to an integer: skipped
2023-07-05 01:17:34,984 TADA INFO assertion 65, Convert the 'INFO,WARNING,ERROR,CRITICAL' to an integer: skipped
2023-07-05 01:17:34,984 TADA INFO assertion 66, Convert the 'DEBUG,INFO,WARNING,ERROR,CRITICAL' to an integer: skipped
2023-07-05 01:17:34,984 TADA INFO assertion 67, Convert the 'DEBUG,' to an integer: skipped
2023-07-05 01:17:34,984 TADA INFO assertion 68, Convert the 'INFO,' to an integer: skipped
2023-07-05 01:17:34,985 TADA INFO assertion 69, Convert the 'WARNING,' to an integer: skipped
2023-07-05 01:17:34,985 TADA INFO assertion 70, Convert the 'ERROR,' to an integer: skipped
2023-07-05 01:17:34,985 TADA INFO assertion 71, Convert the 'CRITICAL,' to an integer: skipped
2023-07-05 01:17:34,985 TADA INFO assertion 72, Convert the 'DEBUG' to an integer: skipped
2023-07-05 01:17:34,985 TADA INFO assertion 73, Convert the 'INFO' to an integer: skipped
2023-07-05 01:17:34,985 TADA INFO assertion 74, Convert the 'WARNING' to an integer: skipped
2023-07-05 01:17:34,985 TADA INFO assertion 75, Convert the 'ERROR' to an integer: skipped
2023-07-05 01:17:34,986 TADA INFO assertion 76, Convert the 'CRITICAL' to an integer: skipped
2023-07-05 01:17:34,986 TADA INFO assertion 77, Convert an invalid level string to an integer: skipped
2023-07-05 01:17:34,986 TADA INFO assertion 78, Verify that no messages were printed when the level is QUIET.: skipped
2023-07-05 01:17:34,986 TADA INFO assertion 79, Verify that messages of DEBUG,INFO were reported.: skipped
2023-07-05 01:17:34,986 TADA INFO assertion 80, Verify that messages of DEBUG,WARNING were reported.: skipped
2023-07-05 01:17:34,986 TADA INFO assertion 81, Verify that messages of DEBUG,ERROR were reported.: skipped
2023-07-05 01:17:34,986 TADA INFO assertion 82, Verify that messages of DEBUG,CRITICAL were reported.: skipped
2023-07-05 01:17:34,986 TADA INFO assertion 83, Verify that messages of INFO,WARNING were reported.: skipped
2023-07-05 01:17:34,987 TADA INFO assertion 84, Verify that messages of INFO,ERROR were reported.: skipped
2023-07-05 01:17:34,987 TADA INFO assertion 85, Verify that messages of INFO,CRITICAL were reported.: skipped
2023-07-05 01:17:34,987 TADA INFO assertion 86, Verify that messages of WARNING,ERROR were reported.: skipped
2023-07-05 01:17:34,987 TADA INFO assertion 87, Verify that messages of WARNING,CRITICAL were reported.: skipped
2023-07-05 01:17:34,987 TADA INFO assertion 88, Verify that messages of ERROR,CRITICAL were reported.: skipped
2023-07-05 01:17:34,987 TADA INFO assertion 89, Verify that messages of DEBUG,INFO,WARNING were reported.: skipped
2023-07-05 01:17:34,987 TADA INFO assertion 90, Verify that messages of DEBUG,INFO,ERROR were reported.: skipped
2023-07-05 01:17:34,988 TADA INFO assertion 91, Verify that messages of DEBUG,INFO,CRITICAL were reported.: skipped
2023-07-05 01:17:34,988 TADA INFO assertion 92, Verify that messages of DEBUG,WARNING,ERROR were reported.: skipped
2023-07-05 01:17:34,988 TADA INFO assertion 93, Verify that messages of DEBUG,WARNING,CRITICAL were reported.: skipped
2023-07-05 01:17:34,988 TADA INFO assertion 94, Verify that messages of DEBUG,ERROR,CRITICAL were reported.: skipped
2023-07-05 01:17:34,988 TADA INFO assertion 95, Verify that messages of INFO,WARNING,ERROR were reported.: skipped
2023-07-05 01:17:34,988 TADA INFO assertion 96, Verify that messages of INFO,WARNING,CRITICAL were reported.: skipped
2023-07-05 01:17:34,988 TADA INFO assertion 97, Verify that messages of INFO,ERROR,CRITICAL were reported.: skipped
2023-07-05 01:17:34,988 TADA INFO assertion 98, Verify that messages of WARNING,ERROR,CRITICAL were reported.: skipped
2023-07-05 01:17:34,989 TADA INFO assertion 99, Verify that messages of DEBUG,INFO,WARNING,ERROR were reported.: skipped
2023-07-05 01:17:34,989 TADA INFO assertion 100, Verify that messages of DEBUG,INFO,WARNING,CRITICAL were reported.: skipped
2023-07-05 01:17:34,989 TADA INFO assertion 101, Verify that messages of DEBUG,INFO,ERROR,CRITICAL were reported.: skipped
2023-07-05 01:17:34,989 TADA INFO assertion 102, Verify that messages of DEBUG,WARNING,ERROR,CRITICAL were reported.: skipped
2023-07-05 01:17:34,989 TADA INFO assertion 103, Verify that messages of INFO,WARNING,ERROR,CRITICAL were reported.: skipped
2023-07-05 01:17:34,989 TADA INFO assertion 104, Verify that messages of DEBUG,INFO,WARNING,ERROR,CRITICAL were reported.: skipped
2023-07-05 01:17:34,989 TADA INFO assertion 105, Verify that messages of DEBUG, were reported.: skipped
2023-07-05 01:17:34,990 TADA INFO assertion 106, Verify that messages of INFO, were reported.: skipped
2023-07-05 01:17:34,990 TADA INFO assertion 107, Verify that messages of WARNING, were reported.: skipped
2023-07-05 01:17:34,990 TADA INFO assertion 108, Verify that messages of ERROR, were reported.: skipped
2023-07-05 01:17:34,990 TADA INFO assertion 109, Verify that messages of CRITICAL, were reported.: skipped
2023-07-05 01:17:34,990 TADA INFO assertion 110, Verify that messages of DEBUG were reported.: skipped
2023-07-05 01:17:34,990 TADA INFO assertion 111, Verify that messages of INFO were reported.: skipped
2023-07-05 01:17:34,990 TADA INFO assertion 112, Verify that messages of WARNING were reported.: skipped
2023-07-05 01:17:34,990 TADA INFO assertion 113, Verify that messages of ERROR were reported.: skipped
2023-07-05 01:17:34,991 TADA INFO assertion 114, Verify that messages of CRITICAL were reported.: skipped
2023-07-05 01:17:34,991 TADA INFO assertion 116, Verify that ovis_log_close() works properly: skipped
2023-07-05 01:17:34,991 TADA INFO assertion 115, Verify that applications can open, rename, and reopen log files to perform log rotation.: skipped
2023-07-05 01:17:34,991 TADA INFO assertion 117, Test a ovis_log_register() call with valid arguments: skipped
2023-07-05 01:17:34,991 TADA INFO assertion 118, Test a ovis_log_register() call with NULL name: skipped
2023-07-05 01:17:34,991 TADA INFO assertion 119, Test a ovis_log_register() call with NULL desc: skipped
2023-07-05 01:17:34,991 TADA INFO assertion 120, Test a ovis_log_register() call with an existing subsystem: skipped
2023-07-05 01:17:34,991 TADA INFO assertion 122, Verify that messages of DEBUG,INFO were reported from a subsystem.: skipped
2023-07-05 01:17:34,992 TADA INFO assertion 123, Verify that messages of DEBUG,WARNING were reported from a subsystem.: skipped
2023-07-05 01:17:34,992 TADA INFO assertion 124, Verify that messages of DEBUG,ERROR were reported from a subsystem.: skipped
2023-07-05 01:17:34,992 TADA INFO assertion 125, Verify that messages of DEBUG,CRITICAL were reported from a subsystem.: skipped
2023-07-05 01:17:34,992 TADA INFO assertion 126, Verify that messages of INFO,WARNING were reported from a subsystem.: skipped
2023-07-05 01:17:34,992 TADA INFO assertion 127, Verify that messages of INFO,ERROR were reported from a subsystem.: skipped
2023-07-05 01:17:34,992 TADA INFO assertion 128, Verify that messages of INFO,CRITICAL were reported from a subsystem.: skipped
2023-07-05 01:17:34,992 TADA INFO assertion 129, Verify that messages of WARNING,ERROR were reported from a subsystem.: skipped
2023-07-05 01:17:34,993 TADA INFO assertion 130, Verify that messages of WARNING,CRITICAL were reported from a subsystem.: skipped
2023-07-05 01:17:34,993 TADA INFO assertion 131, Verify that messages of ERROR,CRITICAL were reported from a subsystem.: skipped
2023-07-05 01:17:34,993 TADA INFO assertion 132, Verify that messages of DEBUG,INFO,WARNING were reported from a subsystem.: skipped
2023-07-05 01:17:34,993 TADA INFO assertion 133, Verify that messages of DEBUG,INFO,ERROR were reported from a subsystem.: skipped
2023-07-05 01:17:34,993 TADA INFO assertion 134, Verify that messages of DEBUG,INFO,CRITICAL were reported from a subsystem.: skipped
2023-07-05 01:17:34,993 TADA INFO assertion 135, Verify that messages of DEBUG,WARNING,ERROR were reported from a subsystem.: skipped
2023-07-05 01:17:34,993 TADA INFO assertion 136, Verify that messages of DEBUG,WARNING,CRITICAL were reported from a subsystem.: skipped
2023-07-05 01:17:34,994 TADA INFO assertion 137, Verify that messages of DEBUG,ERROR,CRITICAL were reported from a subsystem.: skipped
2023-07-05 01:17:34,994 TADA INFO assertion 138, Verify that messages of INFO,WARNING,ERROR were reported from a subsystem.: skipped
2023-07-05 01:17:34,994 TADA INFO assertion 139, Verify that messages of INFO,WARNING,CRITICAL were reported from a subsystem.: skipped
2023-07-05 01:17:34,994 TADA INFO assertion 140, Verify that messages of INFO,ERROR,CRITICAL were reported from a subsystem.: skipped
2023-07-05 01:17:34,994 TADA INFO assertion 141, Verify that messages of WARNING,ERROR,CRITICAL were reported from a subsystem.: skipped
2023-07-05 01:17:34,994 TADA INFO assertion 142, Verify that messages of DEBUG,INFO,WARNING,ERROR were reported from a subsystem.: skipped
2023-07-05 01:17:34,994 TADA INFO assertion 143, Verify that messages of DEBUG,INFO,WARNING,CRITICAL were reported from a subsystem.: skipped
2023-07-05 01:17:34,994 TADA INFO assertion 144, Verify that messages of DEBUG,INFO,ERROR,CRITICAL were reported from a subsystem.: skipped
2023-07-05 01:17:34,995 TADA INFO assertion 145, Verify that messages of DEBUG,WARNING,ERROR,CRITICAL were reported from a subsystem.: skipped
2023-07-05 01:17:34,995 TADA INFO assertion 146, Verify that messages of INFO,WARNING,ERROR,CRITICAL were reported from a subsystem.: skipped
2023-07-05 01:17:34,995 TADA INFO assertion 147, Verify that messages of DEBUG,INFO,WARNING,ERROR,CRITICAL were reported from a subsystem.: skipped
2023-07-05 01:17:34,995 TADA INFO assertion 148, Verify that messages of DEBUG, were reported from a subsystem.: skipped
2023-07-05 01:17:34,995 TADA INFO assertion 149, Verify that messages of INFO, were reported from a subsystem.: skipped
2023-07-05 01:17:34,995 TADA INFO assertion 150, Verify that messages of WARNING, were reported from a subsystem.: skipped
2023-07-05 01:17:34,995 TADA INFO assertion 151, Verify that messages of ERROR, were reported from a subsystem.: skipped
2023-07-05 01:17:34,996 TADA INFO assertion 152, Verify that messages of CRITICAL, were reported from a subsystem.: skipped
2023-07-05 01:17:34,996 TADA INFO assertion 153, Verify that messages of DEBUG were reported from a subsystem.: skipped
2023-07-05 01:17:34,996 TADA INFO assertion 154, Verify that messages of INFO were reported from a subsystem.: skipped
2023-07-05 01:17:34,996 TADA INFO assertion 155, Verify that messages of WARNING were reported from a subsystem.: skipped
2023-07-05 01:17:34,996 TADA INFO assertion 156, Verify that messages of ERROR were reported from a subsystem.: skipped
2023-07-05 01:17:34,996 TADA INFO assertion 157, Verify that messages of CRITICAL were reported from a subsystem.: skipped
2023-07-05 01:17:34,996 TADA INFO assertion 158, Verify that messages of DEBUG,INFO were reported from a subsystem.: skipped
2023-07-05 01:17:34,997 TADA INFO assertion 159, Verify that messages of DEBUG,WARNING were reported from a subsystem.: skipped
2023-07-05 01:17:34,997 TADA INFO assertion 160, Verify that messages of DEBUG,ERROR were reported from a subsystem.: skipped
2023-07-05 01:17:34,997 TADA INFO assertion 161, Verify that messages of DEBUG,CRITICAL were reported from a subsystem.: skipped
2023-07-05 01:17:34,997 TADA INFO assertion 162, Verify that messages of INFO,WARNING were reported from a subsystem.: skipped
2023-07-05 01:17:34,997 TADA INFO assertion 163, Verify that messages of INFO,ERROR were reported from a subsystem.: skipped
2023-07-05 01:17:34,997 TADA INFO assertion 164, Verify that messages of INFO,CRITICAL were reported from a subsystem.: skipped
2023-07-05 01:17:34,997 TADA INFO assertion 165, Verify that messages of WARNING,ERROR were reported from a subsystem.: skipped
2023-07-05 01:17:34,998 TADA INFO assertion 166, Verify that messages of WARNING,CRITICAL were reported from a subsystem.: skipped
2023-07-05 01:17:34,998 TADA INFO assertion 167, Verify that messages of ERROR,CRITICAL were reported from a subsystem.: skipped
2023-07-05 01:17:34,998 TADA INFO assertion 168, Verify that messages of DEBUG,INFO,WARNING were reported from a subsystem.: skipped
2023-07-05 01:17:34,998 TADA INFO assertion 169, Verify that messages of DEBUG,INFO,ERROR were reported from a subsystem.: skipped
2023-07-05 01:17:34,998 TADA INFO assertion 170, Verify that messages of DEBUG,INFO,CRITICAL were reported from a subsystem.: skipped
2023-07-05 01:17:34,998 TADA INFO assertion 171, Verify that messages of DEBUG,WARNING,ERROR were reported from a subsystem.: skipped
2023-07-05 01:17:34,998 TADA INFO assertion 172, Verify that messages of DEBUG,WARNING,CRITICAL were reported from a subsystem.: skipped
2023-07-05 01:17:34,998 TADA INFO assertion 173, Verify that messages of DEBUG,ERROR,CRITICAL were reported from a subsystem.: skipped
2023-07-05 01:17:34,999 TADA INFO assertion 174, Verify that messages of INFO,WARNING,ERROR were reported from a subsystem.: skipped
2023-07-05 01:17:34,999 TADA INFO assertion 175, Verify that messages of INFO,WARNING,CRITICAL were reported from a subsystem.: skipped
2023-07-05 01:17:34,999 TADA INFO assertion 176, Verify that messages of INFO,ERROR,CRITICAL were reported from a subsystem.: skipped
2023-07-05 01:17:34,999 TADA INFO assertion 177, Verify that messages of WARNING,ERROR,CRITICAL were reported from a subsystem.: skipped
2023-07-05 01:17:34,999 TADA INFO assertion 178, Verify that messages of DEBUG,INFO,WARNING,ERROR were reported from a subsystem.: skipped
2023-07-05 01:17:34,999 TADA INFO assertion 179, Verify that messages of DEBUG,INFO,WARNING,CRITICAL were reported from a subsystem.: skipped
2023-07-05 01:17:34,999 TADA INFO assertion 180, Verify that messages of DEBUG,INFO,ERROR,CRITICAL were reported from a subsystem.: skipped
2023-07-05 01:17:35,000 TADA INFO assertion 181, Verify that messages of DEBUG,WARNING,ERROR,CRITICAL were reported from a subsystem.: skipped
2023-07-05 01:17:35,000 TADA INFO assertion 182, Verify that messages of INFO,WARNING,ERROR,CRITICAL were reported from a subsystem.: skipped
2023-07-05 01:17:35,000 TADA INFO assertion 183, Verify that messages of DEBUG,INFO,WARNING,ERROR,CRITICAL were reported from a subsystem.: skipped
2023-07-05 01:17:35,000 TADA INFO assertion 184, Verify that messages of DEBUG, were reported from a subsystem.: skipped
2023-07-05 01:17:35,000 TADA INFO assertion 185, Verify that messages of INFO, were reported from a subsystem.: skipped
2023-07-05 01:17:35,000 TADA INFO assertion 186, Verify that messages of WARNING, were reported from a subsystem.: skipped
2023-07-05 01:17:35,000 TADA INFO assertion 187, Verify that messages of ERROR, were reported from a subsystem.: skipped
2023-07-05 01:17:35,000 TADA INFO assertion 188, Verify that messages of CRITICAL, were reported from a subsystem.: skipped
2023-07-05 01:17:35,001 TADA INFO assertion 189, Verify that messages of DEBUG were reported from a subsystem.: skipped
2023-07-05 01:17:35,001 TADA INFO assertion 190, Verify that messages of INFO were reported from a subsystem.: skipped
2023-07-05 01:17:35,001 TADA INFO assertion 191, Verify that messages of WARNING were reported from a subsystem.: skipped
2023-07-05 01:17:35,001 TADA INFO assertion 192, Verify that messages of ERROR were reported from a subsystem.: skipped
2023-07-05 01:17:35,001 TADA INFO assertion 193, Verify that messages of CRITICAL were reported from a subsystem.: skipped
2023-07-05 01:17:35,001 TADA INFO assertion 195, Verify that ovis_log_set_level_by_regex() returns an error when the given regular expression string is invalid.: skipped
2023-07-05 01:17:35,001 TADA INFO assertion 194, Verify that ovis_log_set_level_by_regex() returns ENOENT when the given regular expression string doesn't match any logs.: skipped
2023-07-05 01:17:35,002 TADA INFO assertion 196, Verify that ovis_log_set_level_by_regex() sets the level of the matched log subsystems to the given value.: skipped
2023-07-05 01:17:35,002 TADA INFO assertion 197, Verify that ovis_log_list() works correctly.: skipped
2023-07-05 01:17:35,002 TADA INFO test libovis_log_test ended
Error in atexit._run_exitfuncs:
Traceback (most recent call last):
  File "/usr/lib/python3.6/site-packages/docker/api/client.py", line 261, in _raise_for_status
    response.raise_for_status()
  File "/usr/lib/python3.6/site-packages/requests/models.py", line 941, in raise_for_status
    raise HTTPError(http_error_msg, response=self)
requests.exceptions.HTTPError: 409 Client Error: Conflict for url: http+docker://localhost/v1.35/containers/3704d3ef0cf166a8e8856a15864c13995831ff5e67aabc70e48a83a9b59b0247/exec

During handling of the above exception, another exception occurred:

Traceback (most recent call last):
  File "/usr/lib/python3.6/site-packages/docker/api/client.py", line 263, in _raise_for_status
    raise create_api_error_from_http_exception(e)
  File "/usr/lib/python3.6/site-packages/docker/errors.py", line 31, in create_api_error_from_http_exception
    raise cls(e, response=response, explanation=explanation)
docker.errors.APIError: 409 Client Error: Conflict ("Container 3704d3ef0cf166a8e8856a15864c13995831ff5e67aabc70e48a83a9b59b0247 is not running")
